k:\proyects\programming\violetengine\violet\violet\vendor\glfw\bin\debug-windows-x86_64\glfw\glfw.pdb
k:\proyects\programming\violetengine\violet\violet\vendor\glfw\bin-int\debug-windows-x86_64\glfw\window.obj
k:\proyects\programming\violetengine\violet\violet\vendor\glfw\bin-int\debug-windows-x86_64\glfw\win32_window.obj
k:\proyects\programming\violetengine\violet\violet\vendor\glfw\bin-int\debug-windows-x86_64\glfw\win32_time.obj
k:\proyects\programming\violetengine\violet\violet\vendor\glfw\bin-int\debug-windows-x86_64\glfw\win32_thread.obj
k:\proyects\programming\violetengine\violet\violet\vendor\glfw\bin-int\debug-windows-x86_64\glfw\win32_monitor.obj
k:\proyects\programming\violetengine\violet\violet\vendor\glfw\bin-int\debug-windows-x86_64\glfw\win32_init.obj
k:\proyects\programming\violetengine\violet\violet\vendor\glfw\bin-int\debug-windows-x86_64\glfw\wgl_context.obj
k:\proyects\programming\violetengine\violet\violet\vendor\glfw\bin-int\debug-windows-x86_64\glfw\vulkan.obj
k:\proyects\programming\violetengine\violet\violet\vendor\glfw\bin-int\debug-windows-x86_64\glfw\osmesa_context.obj
k:\proyects\programming\violetengine\violet\violet\vendor\glfw\bin-int\debug-windows-x86_64\glfw\monitor.obj
k:\proyects\programming\violetengine\violet\violet\vendor\glfw\bin-int\debug-windows-x86_64\glfw\input.obj
k:\proyects\programming\violetengine\violet\violet\vendor\glfw\bin-int\debug-windows-x86_64\glfw\init.obj
k:\proyects\programming\violetengine\violet\violet\vendor\glfw\bin-int\debug-windows-x86_64\glfw\egl_context.obj
k:\proyects\programming\violetengine\violet\violet\vendor\glfw\bin-int\debug-windows-x86_64\glfw\win32_joystick.obj
k:\proyects\programming\violetengine\violet\violet\vendor\glfw\bin-int\debug-windows-x86_64\glfw\win32_module.obj
k:\proyects\programming\violetengine\violet\violet\vendor\glfw\bin-int\debug-windows-x86_64\glfw\platform.obj
k:\proyects\programming\violetengine\violet\violet\vendor\glfw\bin-int\debug-windows-x86_64\glfw\null_window.obj
k:\proyects\programming\violetengine\violet\violet\vendor\glfw\bin-int\debug-windows-x86_64\glfw\null_monitor.obj
k:\proyects\programming\violetengine\violet\violet\vendor\glfw\bin-int\debug-windows-x86_64\glfw\null_joystick.obj
k:\proyects\programming\violetengine\violet\violet\vendor\glfw\bin-int\debug-windows-x86_64\glfw\null_init.obj
k:\proyects\programming\violetengine\violet\violet\vendor\glfw\bin-int\debug-windows-x86_64\glfw\context.obj
k:\proyects\programming\violetengine\violet\violet\vendor\glfw\bin\debug-windows-x86_64\glfw\glfw.lib
k:\proyects\programming\violetengine\violet\violet\vendor\glfw\bin-int\debug-windows-x86_64\glfw\glfw.vcxproj.filelistabsolute.txt
k:\proyects\programming\violetengine\violet\violet\vendor\glfw\bin-int\debug-windows-x86_64\glfw\glfw.tlog\cl.command.1.tlog
k:\proyects\programming\violetengine\violet\violet\vendor\glfw\bin-int\debug-windows-x86_64\glfw\glfw.tlog\cl.items.tlog
k:\proyects\programming\violetengine\violet\violet\vendor\glfw\bin-int\debug-windows-x86_64\glfw\glfw.tlog\cl.read.1.tlog
k:\proyects\programming\violetengine\violet\violet\vendor\glfw\bin-int\debug-windows-x86_64\glfw\glfw.tlog\cl.write.1.tlog
k:\proyects\programming\violetengine\violet\violet\vendor\glfw\bin-int\debug-windows-x86_64\glfw\glfw.tlog\lib-link.read.1.tlog
k:\proyects\programming\violetengine\violet\violet\vendor\glfw\bin-int\debug-windows-x86_64\glfw\glfw.tlog\lib-link.write.1.tlog
k:\proyects\programming\violetengine\violet\violet\vendor\glfw\bin-int\debug-windows-x86_64\glfw\glfw.tlog\lib.command.1.tlog
